Result: ()

====== MockState ======

Commits:
* GHCommit {commitHash = "0", commitParents = Nothing, commitMessage = "Some fix", commitTree = "2", commitContexts = []}
* GHCommit {commitHash = "1", commitParents = Nothing, commitMessage = "Some fix", commitTree = "3", commitContexts = []}

Branches:
* master -> 0

Trees:
* 2 ->
  .lymerge.yaml | {"statuses":["test1"]}
* 3 ->
  .lymerge.yaml | {"statuses":[]}

Pull Requests:

=======================
