[UnsafeObject (fromList [("length",Number 240000.0),("rating",Object (fromList [("value",Number 3.75),("voteCount",Number 48.0)])),("releases",Object (fromList [("nodes",Array [Object (fromList [("status",String "OFFICIAL"),("date",String "2000"),("title",String "The Best of Foo")])])])),("video",Bool True),("artists",Object (fromList [("nodes",Array [Object (fromList [("name",String "Foo")])])])),("title",String "All Star")])]