[UnsafeObject (fromList [("length",Number 234000.0),("rating",Object (fromList [("value",Number 3.8461538461538463),("voteCount",Number 130.0)])),("releases",Object (fromList [("nodes",Array [Object (fromList [("status",String "OFFICIAL"),("date",String "2000"),("title",String "The Best of Foo")])])])),("video",Bool True),("artists",Object (fromList [("nodes",Array [Object (fromList [("name",String "Foo")])])])),("title",String "Gangnam Style")]),UnsafeObject (fromList [("length",Number 236250.0),("rating",Object (fromList [("value",Number 3.8095238095238093),("voteCount",Number 336.0)])),("releases",Object (fromList [("nodes",Array [Object (fromList [("status",String "OFFICIAL"),("date",String "2000"),("title",String "The Best of Foo")])])])),("video",Bool True),("artists",Object (fromList [("nodes",Array [Object (fromList [("name",String "Foo")])])])),("title",String "Gangnam Style (Remix)")])]