[{"title": Just "Gangnam Style", "artists": Just {"nodes": Just [Just {"name": Just "Foo"}]}, "video": Just True, "length": Just (Duration 234000), "rating": Just {"voteCount": 130, "value": Just 3.8461538461538463}, "releases": Just {"nodes": Just [Just {"title": Just "The Best of Foo", "date": Just (Date {year = 2000, month = Nothing, day = Nothing}), "status": Just OFFICIAL}]}},{"title": Just "Gangnam Style (Remix)", "artists": Just {"nodes": Just [Just {"name": Just "Foo"}]}, "video": Just True, "length": Just (Duration 236250), "rating": Just {"voteCount": 336, "value": Just 3.8095238095238093}, "releases": Just {"nodes": Just [Just {"title": Just "The Best of Foo", "date": Just (Date {year = 2000, month = Nothing, day = Nothing}), "status": Just OFFICIAL}]}}]